INFO 2025-11-15 03:20:24,949 autoreload 11 281473152725024 Watching for file changes with StatReloader
INFO 2025-11-15 03:25:05,047 autoreload 10 281473412784160 Watching for file changes with StatReloader
INFO 2025-11-15 03:28:14,415 autoreload 11 281473325461536 Watching for file changes with StatReloader
ERROR 2025-11-15 03:29:44,561 signal 1 281473762971680 Signal handler <bound method DjangoFixup.on_import_modules of <celery.fixups.django.DjangoFixup object at 0xffffb4edab10>> raised: ModuleNotFoundError("No module named 'bloom_filter'")
Traceback (most recent call last):
  File "/usr/local/lib/python3.11/site-packages/celery/utils/dispatch/signal.py", line 280, in send
    response = receiver(signal=self, sender=sender, **named)
               ^^^^^^^^^^^^^^^^^^^^^^^^^^^^^^^^^^^^^^^^^^^^^
  File "/usr/local/lib/python3.11/site-packages/celery/fixups/django.py", line 101, in on_import_modules
    self.worker_fixup.validate_models()
  File "/usr/local/lib/python3.11/site-packages/celery/fixups/django.py", line 139, in validate_models
    self.django_setup()
  File "/usr/local/lib/python3.11/site-packages/celery/fixups/django.py", line 135, in django_setup
    django.setup()
  File "/usr/local/lib/python3.11/site-packages/django/__init__.py", line 24, in setup
    apps.populate(settings.INSTALLED_APPS)
  File "/usr/local/lib/python3.11/site-packages/django/apps/registry.py", line 91, in populate
    app_config = AppConfig.create(entry)
                 ^^^^^^^^^^^^^^^^^^^^^^^
  File "/usr/local/lib/python3.11/site-packages/django/apps/config.py", line 193, in create
    import_module(entry)
  File "/usr/local/lib/python3.11/importlib/__init__.py", line 126, in import_module
    return _bootstrap._gcd_import(name[level:], package, level)
           ^^^^^^^^^^^^^^^^^^^^^^^^^^^^^^^^^^^^^^^^^^^^^^^^^^^^
  File "<frozen importlib._bootstrap>", line 1204, in _gcd_import
  File "<frozen importlib._bootstrap>", line 1176, in _find_and_load
  File "<frozen importlib._bootstrap>", line 1140, in _find_and_load_unlocked
ModuleNotFoundError: No module named 'bloom_filter'
ERROR 2025-11-15 03:29:44,563 signal 1 281473762971680 Signal handler <promise@0xffffb50ba170 --> <bound method Celery._autodiscover_tasks of <Celery interview_assistance at 0xffffb4ed9a10>>> raised: ModuleNotFoundError("No module named 'bloom_filter'")
Traceback (most recent call last):
  File "/usr/local/lib/python3.11/site-packages/celery/utils/dispatch/signal.py", line 280, in send
    response = receiver(signal=self, sender=sender, **named)
               ^^^^^^^^^^^^^^^^^^^^^^^^^^^^^^^^^^^^^^^^^^^^^
  File "/usr/local/lib/python3.11/site-packages/vine/promises.py", line 161, in __call__
    return self.throw()
           ^^^^^^^^^^^^
  File "/usr/local/lib/python3.11/site-packages/vine/promises.py", line 158, in __call__
    retval = fun(*final_args, **final_kwargs)
             ^^^^^^^^^^^^^^^^^^^^^^^^^^^^^^^^
  File "/usr/local/lib/python3.11/site-packages/celery/app/base.py", line 787, in _autodiscover_tasks
    return self._autodiscover_tasks_from_names(packages, related_name)
           ^^^^^^^^^^^^^^^^^^^^^^^^^^^^^^^^^^^^^^^^^^^^^^^^^^^^^^^^^^^
  File "/usr/local/lib/python3.11/site-packages/celery/app/base.py", line 792, in _autodiscover_tasks_from_names
    return self.loader.autodiscover_tasks(
           ^^^^^^^^^^^^^^^^^^^^^^^^^^^^^^^
  File "/usr/local/lib/python3.11/site-packages/celery/loaders/base.py", line 220, in autodiscover_tasks
    mod.__name__ for mod in autodiscover_tasks(packages or (),
                            ^^^^^^^^^^^^^^^^^^^^^^^^^^^^^^^^^^
  File "/usr/local/lib/python3.11/site-packages/celery/loaders/base.py", line 246, in autodiscover_tasks
    return [find_related_module(pkg, related_name) for pkg in packages]
           ^^^^^^^^^^^^^^^^^^^^^^^^^^^^^^^^^^^^^^^^^^^^^^^^^^^^^^^^^^^^
  File "/usr/local/lib/python3.11/site-packages/celery/loaders/base.py", line 246, in <listcomp>
    return [find_related_module(pkg, related_name) for pkg in packages]
            ^^^^^^^^^^^^^^^^^^^^^^^^^^^^^^^^^^^^^^
  File "/usr/local/lib/python3.11/site-packages/celery/loaders/base.py", line 257, in find_related_module
    module = importlib.import_module(package)
             ^^^^^^^^^^^^^^^^^^^^^^^^^^^^^^^^
  File "/usr/local/lib/python3.11/importlib/__init__.py", line 126, in import_module
    return _bootstrap._gcd_import(name[level:], package, level)
           ^^^^^^^^^^^^^^^^^^^^^^^^^^^^^^^^^^^^^^^^^^^^^^^^^^^^
  File "<frozen importlib._bootstrap>", line 1204, in _gcd_import
  File "<frozen importlib._bootstrap>", line 1176, in _find_and_load
  File "<frozen importlib._bootstrap>", line 1140, in _find_and_load_unlocked
ModuleNotFoundError: No module named 'bloom_filter'
ERROR 2025-11-15 03:29:44,565 signal 1 281473267621920 Signal handler <bound method DjangoFixup.on_import_modules of <celery.fixups.django.DjangoFixup object at 0xffff97680890>> raised: ModuleNotFoundError("No module named 'bloom_filter'")
Traceback (most recent call last):
  File "/usr/local/lib/python3.11/site-packages/celery/utils/dispatch/signal.py", line 280, in send
    response = receiver(signal=self, sender=sender, **named)
               ^^^^^^^^^^^^^^^^^^^^^^^^^^^^^^^^^^^^^^^^^^^^^
  File "/usr/local/lib/python3.11/site-packages/celery/fixups/django.py", line 101, in on_import_modules
    self.worker_fixup.validate_models()
  File "/usr/local/lib/python3.11/site-packages/celery/fixups/django.py", line 139, in validate_models
    self.django_setup()
  File "/usr/local/lib/python3.11/site-packages/celery/fixups/django.py", line 135, in django_setup
    django.setup()
  File "/usr/local/lib/python3.11/site-packages/django/__init__.py", line 24, in setup
    apps.populate(settings.INSTALLED_APPS)
  File "/usr/local/lib/python3.11/site-packages/django/apps/registry.py", line 91, in populate
    app_config = AppConfig.create(entry)
                 ^^^^^^^^^^^^^^^^^^^^^^^
  File "/usr/local/lib/python3.11/site-packages/django/apps/config.py", line 193, in create
    import_module(entry)
  File "/usr/local/lib/python3.11/importlib/__init__.py", line 126, in import_module
    return _bootstrap._gcd_import(name[level:], package, level)
           ^^^^^^^^^^^^^^^^^^^^^^^^^^^^^^^^^^^^^^^^^^^^^^^^^^^^
  File "<frozen importlib._bootstrap>", line 1204, in _gcd_import
  File "<frozen importlib._bootstrap>", line 1176, in _find_and_load
  File "<frozen importlib._bootstrap>", line 1140, in _find_and_load_unlocked
ModuleNotFoundError: No module named 'bloom_filter'
ERROR 2025-11-15 03:29:44,569 signal 1 281473267621920 Signal handler <promise@0xffff97866e90 --> <bound method Celery._autodiscover_tasks of <Celery interview_assistance at 0xffff9767d210>>> raised: ModuleNotFoundError("No module named 'bloom_filter'")
Traceback (most recent call last):
  File "/usr/local/lib/python3.11/site-packages/celery/utils/dispatch/signal.py", line 280, in send
    response = receiver(signal=self, sender=sender, **named)
               ^^^^^^^^^^^^^^^^^^^^^^^^^^^^^^^^^^^^^^^^^^^^^
  File "/usr/local/lib/python3.11/site-packages/vine/promises.py", line 161, in __call__
    return self.throw()
           ^^^^^^^^^^^^
  File "/usr/local/lib/python3.11/site-packages/vine/promises.py", line 158, in __call__
    retval = fun(*final_args, **final_kwargs)
             ^^^^^^^^^^^^^^^^^^^^^^^^^^^^^^^^
  File "/usr/local/lib/python3.11/site-packages/celery/app/base.py", line 787, in _autodiscover_tasks
    return self._autodiscover_tasks_from_names(packages, related_name)
           ^^^^^^^^^^^^^^^^^^^^^^^^^^^^^^^^^^^^^^^^^^^^^^^^^^^^^^^^^^^
  File "/usr/local/lib/python3.11/site-packages/celery/app/base.py", line 792, in _autodiscover_tasks_from_names
    return self.loader.autodiscover_tasks(
           ^^^^^^^^^^^^^^^^^^^^^^^^^^^^^^^
  File "/usr/local/lib/python3.11/site-packages/celery/loaders/base.py", line 220, in autodiscover_tasks
    mod.__name__ for mod in autodiscover_tasks(packages or (),
                            ^^^^^^^^^^^^^^^^^^^^^^^^^^^^^^^^^^
  File "/usr/local/lib/python3.11/site-packages/celery/loaders/base.py", line 246, in autodiscover_tasks
    return [find_related_module(pkg, related_name) for pkg in packages]
           ^^^^^^^^^^^^^^^^^^^^^^^^^^^^^^^^^^^^^^^^^^^^^^^^^^^^^^^^^^^^
  File "/usr/local/lib/python3.11/site-packages/celery/loaders/base.py", line 246, in <listcomp>
    return [find_related_module(pkg, related_name) for pkg in packages]
            ^^^^^^^^^^^^^^^^^^^^^^^^^^^^^^^^^^^^^^
  File "/usr/local/lib/python3.11/site-packages/celery/loaders/base.py", line 257, in find_related_module
    module = importlib.import_module(package)
             ^^^^^^^^^^^^^^^^^^^^^^^^^^^^^^^^
  File "/usr/local/lib/python3.11/importlib/__init__.py", line 126, in import_module
    return _bootstrap._gcd_import(name[level:], package, level)
           ^^^^^^^^^^^^^^^^^^^^^^^^^^^^^^^^^^^^^^^^^^^^^^^^^^^^
  File "<frozen importlib._bootstrap>", line 1204, in _gcd_import
  File "<frozen importlib._bootstrap>", line 1176, in _find_and_load
  File "<frozen importlib._bootstrap>", line 1140, in _find_and_load_unlocked
ModuleNotFoundError: No module named 'bloom_filter'
INFO 2025-11-15 03:31:34,704 command 1 281472931569696 Visit me at http://0.0.0.0:5555
INFO 2025-11-15 03:31:34,718 command 1 281472931569696 Broker: redis://redis:6379/0
INFO 2025-11-15 03:31:34,722 command 1 281472931569696 Registered tasks: 
['bloom_filter.tasks.add_email_to_filter',
 'bloom_filter.tasks.add_username_to_filter',
 'bloom_filter.tasks.clear_bloom_filter',
 'bloom_filter.tasks.process_user_update',
 'bloom_filter.tasks.rebuild_bloom_filter',
 'bloom_filter_service.celery.debug_task',
 'celery.accumulate',
 'celery.backend_cleanup',
 'celery.chain',
 'celery.chord',
 'celery.chord_unlock',
 'celery.chunks',
 'celery.group',
 'celery.map',
 'celery.starmap',
 'celery_service.celery_config.debug_task']
INFO 2025-11-15 03:31:34,734 mixins 1 281472841871776 Connected to redis://redis:6379/0
WARNING 2025-11-15 03:31:35,838 inspector 1 281472625865120 Inspect method revoked failed
WARNING 2025-11-15 03:31:35,839 inspector 1 281472728625568 Inspect method scheduled failed
WARNING 2025-11-15 03:31:35,841 inspector 1 281472749597088 Inspect method active_queues failed
WARNING 2025-11-15 03:31:35,843 inspector 1 281472739111328 Inspect method registered failed
WARNING 2025-11-15 03:31:35,843 inspector 1 281472760082848 Inspect method stats failed
WARNING 2025-11-15 03:31:35,845 inspector 1 281472707654048 Inspect method reserved failed
WARNING 2025-11-15 03:31:35,848 inspector 1 281472718139808 Inspect method active failed
WARNING 2025-11-15 03:31:35,849 inspector 1 281472615379360 Inspect method conf failed
INFO 2025-11-15 03:32:15,041 command 1 281472931569696 15 detected, shutting down
INFO 2025-11-15 03:32:19,047 command 1 281473093455904 Visit me at http://0.0.0.0:5555
INFO 2025-11-15 03:32:19,061 command 1 281473093455904 Broker: redis://redis:6379/0
INFO 2025-11-15 03:32:19,064 command 1 281473093455904 Registered tasks: 
['bloom_filter.tasks.add_email_to_filter',
 'bloom_filter.tasks.add_username_to_filter',
 'bloom_filter.tasks.clear_bloom_filter',
 'bloom_filter.tasks.process_user_update',
 'bloom_filter.tasks.rebuild_bloom_filter',
 'bloom_filter_service.celery.debug_task',
 'celery.accumulate',
 'celery.backend_cleanup',
 'celery.chain',
 'celery.chord',
 'celery.chord_unlock',
 'celery.chunks',
 'celery.group',
 'celery.map',
 'celery.starmap',
 'celery_service.celery_config.debug_task']
INFO 2025-11-15 03:32:19,077 mixins 1 281473003352480 Connected to redis://redis:6379/0
INFO 2025-11-15 03:32:19,564 autoreload 11 281473441083424 Watching for file changes with StatReloader
WARNING 2025-11-15 03:32:20,163 inspector 1 281472852357536 Inspect method revoked failed
WARNING 2025-11-15 03:32:20,164 inspector 1 281472894300576 Inspect method registered failed
WARNING 2025-11-15 03:32:20,165 inspector 1 281472841871776 Inspect method conf failed
WARNING 2025-11-15 03:32:20,165 inspector 1 281472873329056 Inspect method active failed
WARNING 2025-11-15 03:32:20,165 inspector 1 281472862843296 Inspect method reserved failed
WARNING 2025-11-15 03:32:20,167 inspector 1 281472883814816 Inspect method scheduled failed
WARNING 2025-11-15 03:32:20,167 inspector 1 281472992866720 Inspect method stats failed
WARNING 2025-11-15 03:32:20,167 inspector 1 281472982380960 Inspect method active_queues failed
INFO 2025-11-15 05:20:35,516 service 1 281473693315488 Cleared username bloom filter
INFO 2025-11-15 05:20:35,518 service 1 281473693315488 Cleared email bloom filter
INFO 2025-11-15 05:20:35,519 tasks 1 281473693315488 Successfully cleared bloom filters
ERROR 2025-11-15 05:20:35,606 tasks 1 281473693315488 Failed to fetch users from auth service: 400
ERROR 2025-11-15 05:24:27,193 tasks 1 281473682829728 Failed to fetch users from auth service: 401
INFO 2025-11-15 05:25:16,578 tasks 1 281473693315488 Rebuilt bloom filter: 0 usernames, 0 emails
INFO 2025-11-15 05:31:37,145 command 1 281473093455904 15 detected, shutting down
INFO 2025-11-16 07:04:19,771 command 1 281473816588320 Visit me at http://0.0.0.0:5555
INFO 2025-11-16 07:04:19,792 command 1 281473816588320 Broker: redis://redis:6379/0
INFO 2025-11-16 07:04:19,795 command 1 281473816588320 Registered tasks: 
['bloom_filter.tasks.add_email_to_filter',
 'bloom_filter.tasks.add_username_to_filter',
 'bloom_filter.tasks.clear_bloom_filter',
 'bloom_filter.tasks.process_user_update',
 'bloom_filter.tasks.rebuild_bloom_filter',
 'bloom_filter_service.celery.debug_task',
 'celery.accumulate',
 'celery.backend_cleanup',
 'celery.chain',
 'celery.chord',
 'celery.chord_unlock',
 'celery.chunks',
 'celery.group',
 'celery.map',
 'celery.starmap',
 'celery_service.celery_config.debug_task']
INFO 2025-11-16 07:04:19,804 mixins 1 281473728352672 Connected to redis://redis:6379/0
INFO 2025-11-16 07:04:20,403 autoreload 11 281473350615072 Watching for file changes with StatReloader
WARNING 2025-11-16 07:04:20,889 inspector 1 281473711444384 Inspect method active_queues failed
WARNING 2025-11-16 07:04:20,891 inspector 1 281473634529696 Inspect method registered failed
WARNING 2025-11-16 07:04:20,892 inspector 1 281473617621408 Inspect method active failed
WARNING 2025-11-16 07:04:20,894 inspector 1 281473719898528 Inspect method stats failed
WARNING 2025-11-16 07:04:20,894 inspector 1 281473626075552 Inspect method scheduled failed
WARNING 2025-11-16 07:04:20,895 inspector 1 281473600713120 Inspect method revoked failed
WARNING 2025-11-16 07:04:20,895 inspector 1 281473609167264 Inspect method reserved failed
WARNING 2025-11-16 07:04:20,895 inspector 1 281473592258976 Inspect method conf failed
INFO 2025-11-16 07:04:20,909 service 1 281473097765280 Cleared username bloom filter
INFO 2025-11-16 07:04:20,910 service 1 281473097765280 Cleared email bloom filter
INFO 2025-11-16 07:04:20,911 tasks 1 281473097765280 Successfully cleared bloom filters
ERROR 2025-11-16 07:04:20,921 tasks 1 281473089311136 Request error while fetching users: HTTPConnectionPool(host='auth_service', port=8000): Max retries exceeded with url: /api/users/ (Caused by NewConnectionError('<urllib3.connection.HTTPConnection object at 0xffff90092bd0>: Failed to establish a new connection: [Errno 111] Connection refused'))
INFO 2025-11-16 07:04:34,740 command 1 281473816588320 15 detected, shutting down
INFO 2025-11-16 07:26:31,172 command 1 281473788477472 Visit me at http://0.0.0.0:5555
INFO 2025-11-16 07:26:31,205 command 1 281473788477472 Broker: redis://redis:6379/0
INFO 2025-11-16 07:26:31,210 command 1 281473788477472 Registered tasks: 
['bloom_filter.tasks.add_email_to_filter',
 'bloom_filter.tasks.add_username_to_filter',
 'bloom_filter.tasks.clear_bloom_filter',
 'bloom_filter.tasks.process_user_update',
 'bloom_filter.tasks.rebuild_bloom_filter',
 'bloom_filter_service.celery.debug_task',
 'celery.accumulate',
 'celery.backend_cleanup',
 'celery.chain',
 'celery.chord',
 'celery.chord_unlock',
 'celery.chunks',
 'celery.group',
 'celery.map',
 'celery.starmap',
 'celery_service.celery_config.debug_task']
INFO 2025-11-16 07:26:31,262 mixins 1 281473700237728 Connected to redis://redis:6379/0
WARNING 2025-11-16 07:26:32,456 inspector 1 281473567420832 Inspect method revoked failed
WARNING 2025-11-16 07:26:32,459 inspector 1 281473657967008 Inspect method active failed
WARNING 2025-11-16 07:26:32,459 inspector 1 281473666421152 Inspect method scheduled failed
WARNING 2025-11-16 07:26:32,466 inspector 1 281473674875296 Inspect method registered failed
WARNING 2025-11-16 07:26:32,470 inspector 1 281473649512864 Inspect method reserved failed
WARNING 2025-11-16 07:26:32,473 inspector 1 281473683329440 Inspect method active_queues failed
WARNING 2025-11-16 07:26:32,474 inspector 1 281473558966688 Inspect method conf failed
WARNING 2025-11-16 07:26:32,475 inspector 1 281473691783584 Inspect method stats failed
INFO 2025-11-16 07:26:33,341 autoreload 11 281473523277856 Watching for file changes with StatReloader
INFO 2025-11-16 07:34:46,748 service 11 281473447752096 Username check for john_doe: False
INFO 2025-11-16 07:34:46,756 basehttp 11 281473447752096 "POST /api/check/username/ HTTP/1.0" 200 88
INFO 2025-11-16 07:35:52,050 service 11 281473447752096 Email check for john@example.com: False
INFO 2025-11-16 07:35:52,054 basehttp 11 281473447752096 "POST /api/check/email/ HTTP/1.0" 200 90
INFO 2025-11-16 07:36:33,943 service 11 281473447752096 Username check for john_doe: False
INFO 2025-11-16 07:36:33,959 service 11 281473447752096 Email check for john@example.com: False
INFO 2025-11-16 07:36:33,965 basehttp 11 281473447752096 "POST /api/check/both/ HTTP/1.0" 200 197
INFO 2025-11-16 07:38:57,461 basehttp 11 281473447752096 "GET /api/stats/ HTTP/1.0" 200 134
INFO 2025-11-16 07:39:41,827 basehttp 11 281473447752096 "POST /api/rebuild/ HTTP/1.0" 200 91
INFO 2025-11-16 07:39:42,009 tasks 1 281473381405088 Rebuilt bloom filter: 0 usernames, 0 emails
INFO 2025-11-16 07:40:25,441 basehttp 11 281473447752096 "POST /api/clear/ HTTP/1.0" 200 89
INFO 2025-11-16 07:40:25,450 service 1 281473381405088 Cleared username bloom filter
INFO 2025-11-16 07:40:25,451 service 1 281473381405088 Cleared email bloom filter
INFO 2025-11-16 07:40:25,452 tasks 1 281473381405088 Successfully cleared bloom filters
INFO 2025-11-16 07:40:25,528 tasks 1 281473298985376 Rebuilt bloom filter: 0 usernames, 0 emails
INFO 2025-11-16 07:40:35,795 basehttp 11 281473447752096 "POST /api/clear/ HTTP/1.0" 200 89
INFO 2025-11-16 07:40:35,801 service 1 281473381405088 Cleared username bloom filter
INFO 2025-11-16 07:40:35,802 service 1 281473381405088 Cleared email bloom filter
INFO 2025-11-16 07:40:35,803 tasks 1 281473381405088 Successfully cleared bloom filters
INFO 2025-11-16 07:40:35,907 tasks 1 281473298985376 Rebuilt bloom filter: 0 usernames, 0 emails
INFO 2025-11-16 07:41:38,084 basehttp 11 281473447752096 "GET /api/health/ HTTP/1.0" 200 64
INFO 2025-11-16 07:41:43,133 basehttp 11 281473447752096 "GET /api/health/ HTTP/1.0" 200 64
INFO 2025-11-16 08:04:20,344 service 1 281473381405088 Cleared username bloom filter
INFO 2025-11-16 08:04:20,349 service 1 281473381405088 Cleared email bloom filter
INFO 2025-11-16 08:04:20,349 tasks 1 281473381405088 Successfully cleared bloom filters
INFO 2025-11-16 08:04:20,490 tasks 1 281473298985376 Rebuilt bloom filter: 0 usernames, 0 emails
ERROR 2025-11-16 08:11:05,893 log 11 281473447752096 Invalid HTTP_HOST header: 'nginx'. You may need to add 'nginx' to ALLOWED_HOSTS.
Traceback (most recent call last):
  File "/usr/local/lib/python3.11/site-packages/django/core/handlers/exception.py", line 55, in inner
    response = get_response(request)
               ^^^^^^^^^^^^^^^^^^^^^
  File "/usr/local/lib/python3.11/site-packages/django/utils/deprecation.py", line 119, in __call__
    response = self.process_request(request)
               ^^^^^^^^^^^^^^^^^^^^^^^^^^^^^
  File "/usr/local/lib/python3.11/site-packages/django/middleware/common.py", line 48, in process_request
    host = request.get_host()
           ^^^^^^^^^^^^^^^^^^
  File "/usr/local/lib/python3.11/site-packages/django/http/request.py", line 202, in get_host
    raise DisallowedHost(msg)
django.core.exceptions.DisallowedHost: Invalid HTTP_HOST header: 'nginx'. You may need to add 'nginx' to ALLOWED_HOSTS.
WARNING 2025-11-16 08:11:05,910 basehttp 11 281473447752096 "POST /api/webhook/ HTTP/1.0" 400 64894
INFO 2025-11-16 08:13:14,133 autoreload 11 281473523277856 /app/bloom_filter_service/settings.py changed, reloading.
INFO 2025-11-16 08:13:16,111 autoreload 23 281473509613600 Watching for file changes with StatReloader
INFO 2025-11-16 08:14:01,009 autoreload 11 281473803583520 Watching for file changes with StatReloader
INFO 2025-11-16 08:14:39,032 basehttp 11 281473728049568 "POST /api/webhook/ HTTP/1.0" 200 197
INFO 2025-11-16 08:14:39,109 tasks 1 281473381405088 Processed user create: username=testuser3, email=testuser3@example.com
INFO 2025-11-16 08:14:39,178 service 1 281473298985376 Added username to bloom filter: testuser3
INFO 2025-11-16 08:14:39,179 tasks 1 281473298985376 Added username testuser3 to bloom filter: True
INFO 2025-11-16 08:14:39,202 service 1 281473290531232 Added email to bloom filter: testuser3@example.com
INFO 2025-11-16 08:14:39,202 tasks 1 281473290531232 Added email testuser3@example.com to bloom filter: True
INFO 2025-11-16 08:15:18,690 basehttp 11 281473728049568 "GET /api/health/ HTTP/1.0" 200 64
INFO 2025-11-16 08:15:31,162 service 11 281473728049568 Username check for rohitgajula: False
INFO 2025-11-16 08:15:31,166 basehttp 11 281473728049568 "POST /api/check/username/ HTTP/1.0" 200 91
INFO 2025-11-16 08:15:58,508 basehttp 11 281473728049568 "POST /api/add/user/ HTTP/1.0" 200 246
INFO 2025-11-16 08:15:58,585 service 1 281473381405088 Added username to bloom filter: rohitgajula
INFO 2025-11-16 08:15:58,586 service 1 281473290531232 Added email to bloom filter: rohitgajula27@gmail.com
INFO 2025-11-16 08:15:58,587 tasks 1 281473381405088 Added username rohitgajula to bloom filter: True
INFO 2025-11-16 08:15:58,588 tasks 1 281473290531232 Added email rohitgajula27@gmail.com to bloom filter: True
INFO 2025-11-16 08:16:05,132 service 11 281473728049568 Username check for rohitgajula: True
INFO 2025-11-16 08:16:05,135 basehttp 11 281473728049568 "POST /api/check/username/ HTTP/1.0" 200 78
INFO 2025-11-16 08:16:27,336 basehttp 11 281473728049568 "POST /api/webhook/ HTTP/1.0" 200 201
INFO 2025-11-16 08:16:27,368 tasks 1 281473298985376 Processed user create: username=rohitgajula1, email=rohitgajula1@gmail.com
INFO 2025-11-16 08:16:27,408 service 1 281473290531232 Added username to bloom filter: rohitgajula1
INFO 2025-11-16 08:16:27,410 tasks 1 281473290531232 Added username rohitgajula1 to bloom filter: True
INFO 2025-11-16 08:16:27,436 service 1 281473381405088 Added email to bloom filter: rohitgajula1@gmail.com
INFO 2025-11-16 08:16:27,436 tasks 1 281473381405088 Added email rohitgajula1@gmail.com to bloom filter: True
INFO 2025-11-16 08:17:04,702 basehttp 11 281473728049568 "GET /api/stats/ HTTP/1.0" 200 134
INFO 2025-11-16 09:34:44,603 service 1 281473298985376 Cleared username bloom filter
INFO 2025-11-16 09:34:44,612 service 1 281473298985376 Cleared email bloom filter
INFO 2025-11-16 09:34:44,612 tasks 1 281473298985376 Successfully cleared bloom filters
INFO 2025-11-16 09:34:44,993 service 1 281473381405088 Added username to bloom filter: rohitgajula
INFO 2025-11-16 09:34:45,004 service 1 281473381405088 Added email to bloom filter: rohitgajula27@gmail.com
INFO 2025-11-16 09:34:45,014 service 1 281473381405088 Added username to bloom filter: testuser3
INFO 2025-11-16 09:34:45,021 service 1 281473381405088 Added email to bloom filter: testuser3@example.com
INFO 2025-11-16 09:34:45,028 service 1 281473381405088 Added username to bloom filter: rohitgajula1
INFO 2025-11-16 09:34:45,035 service 1 281473381405088 Added email to bloom filter: rohitgajula1@gmail.com
INFO 2025-11-16 09:34:45,036 tasks 1 281473381405088 Rebuilt bloom filter: 3 usernames, 3 emails
INFO 2025-11-16 09:38:17,305 service 11 281473728049568 Username check for rohitgajula: True
INFO 2025-11-16 09:38:17,324 basehttp 11 281473728049568 "POST /api/check/username/ HTTP/1.0" 200 78
INFO 2025-11-16 09:38:50,348 service 11 281473728049568 Email check for john@example.com: False
INFO 2025-11-16 09:38:50,352 basehttp 11 281473728049568 "POST /api/check/email/ HTTP/1.0" 200 90
INFO 2025-11-16 10:57:24,202 service 1 281473290531232 Cleared username bloom filter
INFO 2025-11-16 10:57:24,212 service 1 281473290531232 Cleared email bloom filter
INFO 2025-11-16 10:57:24,212 tasks 1 281473290531232 Successfully cleared bloom filters
INFO 2025-11-16 10:57:24,411 service 1 281473381405088 Added username to bloom filter: rohitgajula
INFO 2025-11-16 10:57:24,431 service 1 281473381405088 Added email to bloom filter: rohitgajula27@gmail.com
INFO 2025-11-16 10:57:24,442 service 1 281473381405088 Added username to bloom filter: testuser3
INFO 2025-11-16 10:57:24,454 service 1 281473381405088 Added email to bloom filter: testuser3@example.com
INFO 2025-11-16 10:57:24,464 service 1 281473381405088 Added username to bloom filter: rohitgajula1
INFO 2025-11-16 10:57:24,473 service 1 281473381405088 Added email to bloom filter: rohitgajula1@gmail.com
INFO 2025-11-16 10:57:24,474 tasks 1 281473381405088 Rebuilt bloom filter: 3 usernames, 3 emails
INFO 2025-11-16 13:34:20,252 autoreload 11 281473803583520 /app/bloom_filter/service.py changed, reloading.
INFO 2025-11-16 13:34:21,391 autoreload 28 281473291665440 Watching for file changes with StatReloader
INFO 2025-11-16 13:34:23,640 autoreload 28 281473291665440 /app/bloom_filter/service.py changed, reloading.
INFO 2025-11-16 13:34:23,965 autoreload 30 281473001181216 Watching for file changes with StatReloader
INFO 2025-11-16 13:34:28,221 autoreload 30 281473001181216 /app/bloom_filter/service.py changed, reloading.
INFO 2025-11-16 13:34:28,802 autoreload 32 281473031237664 Watching for file changes with StatReloader
INFO 2025-11-16 13:34:31,014 autoreload 32 281473031237664 /app/bloom_filter/service.py changed, reloading.
INFO 2025-11-16 13:34:31,370 autoreload 34 281472853237792 Watching for file changes with StatReloader
INFO 2025-11-16 13:34:34,594 autoreload 34 281472853237792 /app/bloom_filter/service.py changed, reloading.
INFO 2025-11-16 13:34:34,927 autoreload 36 281473476325408 Watching for file changes with StatReloader
INFO 2025-11-16 13:34:43,258 autoreload 36 281473476325408 /app/bloom_filter/service.py changed, reloading.
INFO 2025-11-16 13:34:43,640 autoreload 38 281473561640992 Watching for file changes with StatReloader
INFO 2025-11-16 13:36:16,434 service 1 281473298985376 Cleared username bloom filter
INFO 2025-11-16 13:36:16,440 service 1 281473298985376 Cleared email bloom filter
INFO 2025-11-16 13:36:16,440 tasks 1 281473298985376 Successfully cleared bloom filters
INFO 2025-11-16 13:36:16,663 service 1 281473381405088 Added username to bloom filter: rohitgajula
INFO 2025-11-16 13:36:16,674 service 1 281473381405088 Added email to bloom filter: rohitgajula27@gmail.com
INFO 2025-11-16 13:36:16,687 service 1 281473381405088 Added username to bloom filter: testuser3
INFO 2025-11-16 13:36:16,695 service 1 281473381405088 Added email to bloom filter: testuser3@example.com
INFO 2025-11-16 13:36:16,704 service 1 281473381405088 Added username to bloom filter: rohitgajula1
INFO 2025-11-16 13:36:16,713 service 1 281473381405088 Added email to bloom filter: rohitgajula1@gmail.com
INFO 2025-11-16 13:36:16,713 tasks 1 281473381405088 Rebuilt bloom filter: 3 usernames, 3 emails
INFO 2025-11-16 13:39:59,603 autoreload 38 281473561640992 /app/bloom_filter/service.py changed, reloading.
INFO 2025-11-16 13:39:59,964 autoreload 40 281473563492384 Watching for file changes with StatReloader
INFO 2025-11-16 13:40:03,184 autoreload 40 281473563492384 /app/bloom_filter/service.py changed, reloading.
INFO 2025-11-16 13:40:03,533 autoreload 42 281473096630304 Watching for file changes with StatReloader
INFO 2025-11-16 13:40:05,718 autoreload 42 281473096630304 /app/bloom_filter/service.py changed, reloading.
INFO 2025-11-16 13:40:05,993 autoreload 44 281473112535072 Watching for file changes with StatReloader
INFO 2025-11-16 13:40:08,177 autoreload 44 281473112535072 /app/bloom_filter/service.py changed, reloading.
INFO 2025-11-16 13:40:08,584 autoreload 46 281473373392928 Watching for file changes with StatReloader
INFO 2025-11-16 13:40:14,898 autoreload 46 281473373392928 /app/bloom_filter/service.py changed, reloading.
INFO 2025-11-16 13:40:15,238 autoreload 48 281472848314400 Watching for file changes with StatReloader
INFO 2025-11-16 13:40:17,454 autoreload 48 281472848314400 /app/bloom_filter/service.py changed, reloading.
INFO 2025-11-16 13:40:17,699 autoreload 50 281473198358560 Watching for file changes with StatReloader
INFO 2025-11-16 13:40:28,106 autoreload 50 281473198358560 /app/bloom_filter/signals.py changed, reloading.
INFO 2025-11-16 13:40:28,526 autoreload 52 281472825458720 Watching for file changes with StatReloader
INFO 2025-11-16 13:40:34,960 autoreload 52 281472825458720 /app/bloom_filter/signals.py changed, reloading.
INFO 2025-11-16 13:40:35,404 autoreload 54 281473719771168 Watching for file changes with StatReloader
INFO 2025-11-16 14:09:46,810 autoreload 54 281473719771168 /app/bloom_filter/signals.py changed, reloading.
INFO 2025-11-16 14:29:47,875 autoreload 56 281472855253024 Watching for file changes with StatReloader
INFO 2025-11-16 14:29:59,493 autoreload 56 281472855253024 /app/bloom_filter/tasks.py changed, reloading.
INFO 2025-11-16 14:29:59,881 autoreload 58 281472918298656 Watching for file changes with StatReloader
INFO 2025-11-16 14:30:06,121 autoreload 58 281472918298656 /app/bloom_filter/tasks.py changed, reloading.
INFO 2025-11-16 14:30:06,496 autoreload 60 281472901582880 Watching for file changes with StatReloader
INFO 2025-11-16 14:30:09,720 autoreload 60 281472901582880 /app/bloom_filter/tasks.py changed, reloading.
INFO 2025-11-16 14:30:10,180 autoreload 62 281472942555168 Watching for file changes with StatReloader
INFO 2025-11-16 14:30:12,327 autoreload 62 281472942555168 /app/bloom_filter/tasks.py changed, reloading.
INFO 2025-11-16 14:30:12,563 autoreload 64 281473382277152 Watching for file changes with StatReloader
INFO 2025-11-16 14:30:13,700 autoreload 64 281473382277152 /app/bloom_filter/tasks.py changed, reloading.
INFO 2025-11-16 14:30:13,943 autoreload 66 281472842616864 Watching for file changes with StatReloader
INFO 2025-11-16 14:30:23,313 autoreload 66 281472842616864 /app/bloom_filter/views.py changed, reloading.
INFO 2025-11-16 14:30:23,696 autoreload 68 281473316114464 Watching for file changes with StatReloader
INFO 2025-11-16 14:30:29,006 autoreload 68 281473316114464 /app/bloom_filter/views.py changed, reloading.
INFO 2025-11-16 14:30:29,384 autoreload 70 281473721364512 Watching for file changes with StatReloader
INFO 2025-11-16 14:30:31,573 autoreload 70 281473721364512 /app/bloom_filter/views.py changed, reloading.
INFO 2025-11-16 14:30:31,904 autoreload 72 281473536151584 Watching for file changes with StatReloader
INFO 2025-11-16 14:30:36,161 autoreload 72 281473536151584 /app/bloom_filter/views.py changed, reloading.
INFO 2025-11-16 14:30:36,498 autoreload 74 281472978489376 Watching for file changes with StatReloader
INFO 2025-11-16 14:30:38,674 autoreload 74 281472978489376 /app/bloom_filter/views.py changed, reloading.
INFO 2025-11-16 14:30:38,941 autoreload 76 281473275461664 Watching for file changes with StatReloader
INFO 2025-11-16 14:30:44,241 autoreload 76 281473275461664 /app/bloom_filter/views.py changed, reloading.
INFO 2025-11-16 14:30:44,698 autoreload 78 281473493045280 Watching for file changes with StatReloader
INFO 2025-11-16 14:30:47,936 autoreload 78 281473493045280 /app/bloom_filter/views.py changed, reloading.
INFO 2025-11-16 14:30:48,357 autoreload 80 281473742831648 Watching for file changes with StatReloader
INFO 2025-11-16 14:30:51,605 autoreload 80 281473742831648 /app/bloom_filter/views.py changed, reloading.
INFO 2025-11-16 14:30:51,976 autoreload 82 281473689202720 Watching for file changes with StatReloader
INFO 2025-11-16 14:30:56,270 autoreload 82 281473689202720 /app/bloom_filter/views.py changed, reloading.
INFO 2025-11-16 14:30:56,657 autoreload 84 281473046392864 Watching for file changes with StatReloader
INFO 2025-11-16 14:30:59,884 autoreload 84 281473046392864 /app/bloom_filter/views.py changed, reloading.
INFO 2025-11-16 14:31:00,217 autoreload 86 281473621602336 Watching for file changes with StatReloader
INFO 2025-11-16 14:31:03,442 autoreload 86 281473621602336 /app/bloom_filter/views.py changed, reloading.
INFO 2025-11-16 14:31:03,848 autoreload 88 281473172738080 Watching for file changes with StatReloader
INFO 2025-11-16 14:31:07,076 autoreload 88 281473172738080 /app/bloom_filter/views.py changed, reloading.
INFO 2025-11-16 14:31:07,524 autoreload 90 281472909615136 Watching for file changes with StatReloader
INFO 2025-11-16 14:31:12,802 autoreload 90 281472909615136 /app/bloom_filter/views.py changed, reloading.
INFO 2025-11-16 14:31:13,195 autoreload 92 281473832964128 Watching for file changes with StatReloader
INFO 2025-11-16 14:36:16,344 service 1 281473290531232 Cleared username bloom filter
INFO 2025-11-16 14:36:16,347 service 1 281473290531232 Cleared email bloom filter
INFO 2025-11-16 14:36:16,348 tasks 1 281473290531232 Successfully cleared bloom filters
INFO 2025-11-16 14:36:16,445 service 1 281473381405088 Added username to bloom filter: rohitgajula
INFO 2025-11-16 14:36:16,450 service 1 281473381405088 Added email to bloom filter: rohitgajula27@gmail.com
INFO 2025-11-16 14:36:16,457 service 1 281473381405088 Added username to bloom filter: testuser3
INFO 2025-11-16 14:36:16,466 service 1 281473381405088 Added email to bloom filter: testuser3@example.com
INFO 2025-11-16 14:36:16,477 service 1 281473381405088 Added username to bloom filter: rohitgajula1
INFO 2025-11-16 14:36:16,488 service 1 281473381405088 Added email to bloom filter: rohitgajula1@gmail.com
INFO 2025-11-16 14:36:16,488 tasks 1 281473381405088 Rebuilt bloom filter: 3 usernames, 3 emails
INFO 2025-11-16 14:40:24,525 command 1 281473788477472 15 detected, shutting down
