INFO 2025-11-15 03:25:06,358 autoreload 11 281473814532128 Watching for file changes with StatReloader
INFO 2025-11-15 03:28:15,693 autoreload 11 281473462444064 Watching for file changes with StatReloader
INFO 2025-11-15 03:32:20,889 autoreload 11 281473854648352 Watching for file changes with StatReloader
WARNING 2025-11-15 04:03:39,259 basehttp 11 281473699606944 "GET /me/ HTTP/1.0" 404 2332
WARNING 2025-11-15 04:03:57,199 basehttp 11 281473699606944 "GET /api/me/ HTTP/1.0" 401 172
ERROR 2025-11-15 05:20:35,599 log 11 281473699606944 Invalid HTTP_HOST header: 'auth_service:8000'. The domain name provided is not valid according to RFC 1034/1035.
Traceback (most recent call last):
  File "/usr/local/lib/python3.11/site-packages/django/core/handlers/exception.py", line 55, in inner
    response = get_response(request)
               ^^^^^^^^^^^^^^^^^^^^^
  File "/usr/local/lib/python3.11/site-packages/django/core/handlers/base.py", line 181, in _get_response
    callback, callback_args, callback_kwargs = self.resolve_request(request)
                                               ^^^^^^^^^^^^^^^^^^^^^^^^^^^^^
  File "/usr/local/lib/python3.11/site-packages/django/core/handlers/base.py", line 313, in resolve_request
    resolver_match = resolver.resolve(request.path_info)
                     ^^^^^^^^^^^^^^^^^^^^^^^^^^^^^^^^^^^
  File "/usr/local/lib/python3.11/site-packages/django/urls/resolvers.py", line 705, in resolve
    raise Resolver404({"tried": tried, "path": new_path})
django.urls.exceptions.Resolver404: {'tried': [[<URLResolver <URLPattern list> (admin:admin) 'admin/'>], [<URLResolver <module 'users.urls' from '/app/users/urls.py'> (None:None) 'api/'>, <URLPattern 'register/' [name='register']>], [<URLResolver <module 'users.urls' from '/app/users/urls.py'> (None:None) 'api/'>, <URLPattern 'login/' [name='login']>], [<URLResolver <module 'users.urls' from '/app/users/urls.py'> (None:None) 'api/'>, <URLPattern 'token/refresh/' [name='token_refresh']>], [<URLResolver <module 'users.urls' from '/app/users/urls.py'> (None:None) 'api/'>, <URLPattern 'logout/' [name='logout']>], [<URLResolver <module 'users.urls' from '/app/users/urls.py'> (None:None) 'api/'>, <URLPattern 'me/' [name='me']>], [<URLResolver <module 'users.urls' from '/app/users/urls.py'> (None:None) 'api/'>, <URLPattern 'organizations/' [name='organization_list']>], [<URLResolver <module 'users.urls' from '/app/users/urls.py'> (None:None) 'api/'>, <URLPattern 'organizations/<uuid:org_id>/' [name='organization_detail']>], [<URLResolver <module 'users.urls' from '/app/users/urls.py'> (None:None) 'api/'>, <URLPattern 'organizations/create/' [name='organization_create']>], [<URLResolver <module 'users.urls' from '/app/users/urls.py'> (None:None) 'api/'>, <URLPattern 'organizations/<uuid:org_id>/update/' [name='organization_update']>], [<URLResolver <module 'users.urls' from '/app/users/urls.py'> (None:None) 'api/'>, <URLPattern 'organizations/<uuid:org_id>/delete/' [name='organization_delete']>], [<URLResolver <module 'users.urls' from '/app/users/urls.py'> (None:None) 'api/'>, <URLPattern 'organizations/<uuid:org_id>/members/' [name='list_members']>], [<URLResolver <module 'users.urls' from '/app/users/urls.py'> (None:None) 'api/'>, <URLPattern 'organizations/<uuid:org_id>/members/add/' [name='add_member']>], [<URLResolver <module 'users.urls' from '/app/users/urls.py'> (None:None) 'api/'>, <URLPattern 'organizations/<uuid:org_id>/members/<uuid:user_id>/remove/' [name='remove_member']>], [<URLResolver <module 'users.urls' from '/app/users/urls.py'> (None:None) 'api/'>, <URLPattern 'api/users/' [name='users-list']>]], 'path': 'api/users/'}

During handling of the above exception, another exception occurred:

Traceback (most recent call last):
  File "/usr/local/lib/python3.11/site-packages/django/core/handlers/exception.py", line 55, in inner
    response = get_response(request)
               ^^^^^^^^^^^^^^^^^^^^^
  File "/usr/local/lib/python3.11/site-packages/django/utils/deprecation.py", line 120, in __call__
    response = response or self.get_response(request)
                           ^^^^^^^^^^^^^^^^^^^^^^^^^^
  File "/usr/local/lib/python3.11/site-packages/django/core/handlers/exception.py", line 57, in inner
    response = response_for_exception(request, exc)
               ^^^^^^^^^^^^^^^^^^^^^^^^^^^^^^^^^^^^
  File "/usr/local/lib/python3.11/site-packages/django/core/handlers/exception.py", line 66, in response_for_exception
    response = debug.technical_404_response(request, exc)
               ^^^^^^^^^^^^^^^^^^^^^^^^^^^^^^^^^^^^^^^^^^
  File "/usr/local/lib/python3.11/site-packages/django/views/debug.py", line 652, in technical_404_response
    return HttpResponseNotFound(t.render(c))
                                ^^^^^^^^^^^
  File "/usr/local/lib/python3.11/site-packages/django/template/base.py", line 171, in render
    return self._render(context)
           ^^^^^^^^^^^^^^^^^^^^^
  File "/usr/local/lib/python3.11/site-packages/django/template/base.py", line 163, in _render
    return self.nodelist.render(context)
           ^^^^^^^^^^^^^^^^^^^^^^^^^^^^^
  File "/usr/local/lib/python3.11/site-packages/django/template/base.py", line 1016, in render
    return SafeString("".join([node.render_annotated(context) for node in self]))
                              ^^^^^^^^^^^^^^^^^^^^^^^^^^^^^^^^^^^^^^^^^^^^^^^^^
  File "/usr/local/lib/python3.11/site-packages/django/template/base.py", line 1016, in <listcomp>
    return SafeString("".join([node.render_annotated(context) for node in self]))
                               ^^^^^^^^^^^^^^^^^^^^^^^^^^^^^^
  File "/usr/local/lib/python3.11/site-packages/django/template/base.py", line 977, in render_annotated
    return self.render(context)
           ^^^^^^^^^^^^^^^^^^^^
  File "/usr/local/lib/python3.11/site-packages/django/template/base.py", line 1075, in render
    output = self.filter_expression.resolve(context)
             ^^^^^^^^^^^^^^^^^^^^^^^^^^^^^^^^^^^^^^^
  File "/usr/local/lib/python3.11/site-packages/django/template/base.py", line 722, in resolve
    obj = self.var.resolve(context)
          ^^^^^^^^^^^^^^^^^^^^^^^^^
  File "/usr/local/lib/python3.11/site-packages/django/template/base.py", line 854, in resolve
    value = self._resolve_lookup(context)
            ^^^^^^^^^^^^^^^^^^^^^^^^^^^^^
  File "/usr/local/lib/python3.11/site-packages/django/template/base.py", line 925, in _resolve_lookup
    current = current()
              ^^^^^^^^^
  File "/usr/local/lib/python3.11/site-packages/django/http/request.py", line 286, in build_absolute_uri
    location = self._current_scheme_host + location.removeprefix("//")
               ^^^^^^^^^^^^^^^^^^^^^^^^^
  File "/usr/local/lib/python3.11/site-packages/django/utils/functional.py", line 47, in __get__
    res = instance.__dict__[self.name] = self.func(instance)
                                         ^^^^^^^^^^^^^^^^^^^
  File "/usr/local/lib/python3.11/site-packages/django/http/request.py", line 296, in _current_scheme_host
    return "{}://{}".format(self.scheme, self.get_host())
                                         ^^^^^^^^^^^^^^^
  File "/usr/local/lib/python3.11/site-packages/django/http/request.py", line 202, in get_host
    raise DisallowedHost(msg)
django.core.exceptions.DisallowedHost: Invalid HTTP_HOST header: 'auth_service:8000'. The domain name provided is not valid according to RFC 1034/1035.
WARNING 2025-11-15 05:20:35,605 basehttp 11 281473699606944 "GET /api/users/ HTTP/1.1" 400 226381
INFO 2025-11-15 05:23:00,034 autoreload 11 281473854648352 /app/auth_service/settings.py changed, reloading.
INFO 2025-11-15 05:23:01,389 autoreload 29 281473492291616 Watching for file changes with StatReloader
INFO 2025-11-15 05:23:27,282 autoreload 11 281473590247456 Watching for file changes with StatReloader
INFO 2025-11-15 05:24:12,563 autoreload 11 281473590247456 /app/users/urls.py changed, reloading.
INFO 2025-11-15 05:24:13,398 autoreload 13 281473060122656 Watching for file changes with StatReloader
WARNING 2025-11-15 05:24:27,191 basehttp 13 281472976089504 "GET /api/users/ HTTP/1.1" 401 58
INFO 2025-11-15 05:25:01,702 autoreload 13 281473060122656 /app/users/views.py changed, reloading.
INFO 2025-11-15 05:25:02,392 autoreload 16 281473411342368 Watching for file changes with StatReloader
INFO 2025-11-15 05:25:16,565 views 16 281473326313888 Returned 0 users for bloom filter rebuild
INFO 2025-11-15 05:25:16,570 basehttp 16 281473326313888 "GET /api/users/ HTTP/1.1" 200 2
WARNING 2025-11-15 05:26:16,505 basehttp 16 281473326313888 "GET /api/me/ HTTP/1.0" 401 172
INFO 2025-11-16 07:04:21,556 autoreload 11 281473823379488 Watching for file changes with StatReloader
INFO 2025-11-16 07:26:35,574 autoreload 11 281473474134048 Watching for file changes with StatReloader
INFO 2025-11-16 07:31:15,123 views 11 281473391915424 Returned 0 users for bloom filter rebuild
INFO 2025-11-16 07:31:15,126 basehttp 11 281473391915424 "GET /api/users/ HTTP/1.0" 200 2
INFO 2025-11-16 07:31:22,888 views 11 281473391915424 Returned 0 users for bloom filter rebuild
INFO 2025-11-16 07:31:22,891 basehttp 11 281473391915424 "GET /api/users/ HTTP/1.0" 200 2
INFO 2025-11-16 07:31:23,636 views 11 281473391915424 Returned 0 users for bloom filter rebuild
INFO 2025-11-16 07:31:23,638 basehttp 11 281473391915424 "GET /api/users/ HTTP/1.0" 200 2
INFO 2025-11-16 07:31:33,643 views 11 281473391915424 Returned 0 users for bloom filter rebuild
INFO 2025-11-16 07:31:33,645 basehttp 11 281473391915424 "GET /api/users/ HTTP/1.0" 200 2
INFO 2025-11-16 07:31:34,260 views 11 281473391915424 Returned 0 users for bloom filter rebuild
INFO 2025-11-16 07:31:34,261 basehttp 11 281473391915424 "GET /api/users/ HTTP/1.0" 200 2
INFO 2025-11-16 07:39:41,995 views 11 281473391915424 Returned 0 users for bloom filter rebuild
INFO 2025-11-16 07:39:41,998 basehttp 11 281473391915424 "GET /api/users/ HTTP/1.1" 200 2
INFO 2025-11-16 07:40:25,520 views 11 281473391915424 Returned 0 users for bloom filter rebuild
INFO 2025-11-16 07:40:25,525 basehttp 11 281473391915424 "GET /api/users/ HTTP/1.1" 200 2
INFO 2025-11-16 07:40:35,876 views 11 281473391915424 Returned 0 users for bloom filter rebuild
INFO 2025-11-16 07:40:35,900 basehttp 11 281473391915424 "GET /api/users/ HTTP/1.1" 200 2
ERROR 2025-11-16 07:58:50,269 basehttp 11 281473391915424 "POST /api/register/ HTTP/1.0" 500 143390
INFO 2025-11-16 08:00:21,037 autoreload 11 281473474134048 /app/users/serializers.py changed, reloading.
INFO 2025-11-16 08:00:22,086 autoreload 22 281473070899232 Watching for file changes with StatReloader
INFO 2025-11-16 08:00:34,433 autoreload 22 281473070899232 /app/users/serializers.py changed, reloading.
INFO 2025-11-16 08:00:35,939 autoreload 24 281472911884320 Watching for file changes with StatReloader
INFO 2025-11-16 08:02:36,167 autoreload 24 281472911884320 /app/users/views.py changed, reloading.
INFO 2025-11-16 08:02:37,218 autoreload 26 281473104740384 Watching for file changes with StatReloader
INFO 2025-11-16 08:03:05,943 autoreload 26 281473104740384 /app/users/views.py changed, reloading.
INFO 2025-11-16 08:03:06,701 autoreload 28 281473800499232 Watching for file changes with StatReloader
INFO 2025-11-16 08:03:14,924 autoreload 28 281473800499232 /app/users/views.py changed, reloading.
INFO 2025-11-16 08:03:15,685 autoreload 30 281473561202720 Watching for file changes with StatReloader
WARNING 2025-11-16 08:03:19,504 views 30 281473479012768 error registering user: {e}
ERROR 2025-11-16 08:03:19,509 basehttp 30 281473479012768 "POST /api/register/ HTTP/1.0" 500 39
INFO 2025-11-16 08:03:32,274 autoreload 30 281473561202720 /app/users/views.py changed, reloading.
INFO 2025-11-16 08:03:33,108 autoreload 33 281473195139104 Watching for file changes with StatReloader
INFO 2025-11-16 08:03:37,337 autoreload 33 281473195139104 /app/users/views.py changed, reloading.
INFO 2025-11-16 08:03:38,815 autoreload 35 281472872321056 Watching for file changes with StatReloader
WARNING 2025-11-16 08:03:51,217 views 35 281472790098336 error registering user: Field name `organization` is not valid for model `User` in `users.serializers.RegisterSerializer`.
ERROR 2025-11-16 08:03:51,223 basehttp 35 281472790098336 "POST /api/register/ HTTP/1.0" 500 134
INFO 2025-11-16 08:04:20,469 views 35 281472790098336 Returned 0 users for bloom filter rebuild
INFO 2025-11-16 08:04:20,477 basehttp 35 281472790098336 "GET /api/users/ HTTP/1.1" 200 2
INFO 2025-11-16 08:04:22,960 autoreload 35 281472872321056 /app/users/serializers.py changed, reloading.
INFO 2025-11-16 08:04:24,666 autoreload 39 281473248886816 Watching for file changes with StatReloader
WARNING 2025-11-16 08:04:28,752 views 39 281473097658784 error registering user: Field name `organization` is not valid for model `User` in `users.serializers.RegisterSerializer`.
ERROR 2025-11-16 08:04:28,756 basehttp 39 281473097658784 "POST /api/register/ HTTP/1.0" 500 134
INFO 2025-11-16 08:04:56,797 autoreload 39 281473248886816 /app/users/serializers.py changed, reloading.
INFO 2025-11-16 08:04:57,802 autoreload 42 281472899944480 Watching for file changes with StatReloader
INFO 2025-11-16 08:05:00,974 autoreload 42 281472899944480 /app/users/serializers.py changed, reloading.
INFO 2025-11-16 08:05:02,141 autoreload 44 281473852887072 Watching for file changes with StatReloader
INFO 2025-11-16 08:05:51,725 autoreload 44 281473852887072 /app/users/serializers.py changed, reloading.
INFO 2025-11-16 08:05:52,457 autoreload 46 281472828321824 Watching for file changes with StatReloader
INFO 2025-11-16 08:06:06,782 autoreload 46 281472828321824 /app/users/serializers.py changed, reloading.
INFO 2025-11-16 08:06:07,537 autoreload 48 281473049931808 Watching for file changes with StatReloader
INFO 2025-11-16 08:06:28,095 autoreload 48 281473049931808 /app/users/serializers.py changed, reloading.
INFO 2025-11-16 08:06:29,267 autoreload 50 281473087324192 Watching for file changes with StatReloader
WARNING 2025-11-16 08:07:46,967 views 50 281473005121952 error registering user: username is required
ERROR 2025-11-16 08:07:46,970 basehttp 50 281473005121952 "POST /api/register/ HTTP/1.0" 500 56
INFO 2025-11-16 08:10:34,377 autoreload 50 281473087324192 /app/users/views.py changed, reloading.
INFO 2025-11-16 08:10:36,287 autoreload 53 281473743921184 Watching for file changes with StatReloader
INFO 2025-11-16 08:10:38,521 autoreload 53 281473743921184 /app/users/serializers.py changed, reloading.
INFO 2025-11-16 08:10:40,046 autoreload 55 281473781624864 Watching for file changes with StatReloader
INFO 2025-11-16 08:11:05,930 basehttp 55 281473699410336 "POST /api/register/ HTTP/1.0" 201 254
WARNING 2025-11-16 08:14:23,577 basehttp 55 281473699410336 "POST /api/register/ HTTP/1.0" 400 90
INFO 2025-11-16 08:14:39,036 basehttp 55 281473699410336 "POST /api/register/ HTTP/1.0" 201 252
INFO 2025-11-16 08:16:27,350 basehttp 55 281473699410336 "POST /api/register/ HTTP/1.0" 201 254
INFO 2025-11-16 09:34:44,944 views 55 281473699410336 Returned 3 users for bloom filter rebuild
INFO 2025-11-16 09:34:44,958 basehttp 55 281473699410336 "GET /api/users/ HTTP/1.1" 200 312
INFO 2025-11-16 09:39:18,594 views 55 281473699410336 Returned 3 users for bloom filter rebuild
INFO 2025-11-16 09:39:18,597 basehttp 55 281473699410336 "GET /api/users/ HTTP/1.0" 200 312
WARNING 2025-11-16 09:44:22,808 basehttp 55 281473699410336 "POST /api/login/ HTTP/1.0" 400 47
INFO 2025-11-16 09:44:34,369 basehttp 55 281473699410336 "POST /api/login/ HTTP/1.0" 200 794
INFO 2025-11-16 09:44:50,368 basehttp 55 281473699410336 "POST /api/login/ HTTP/1.0" 200 794
INFO 2025-11-16 10:57:24,376 views 55 281473699410336 Returned 3 users for bloom filter rebuild
INFO 2025-11-16 10:57:24,382 basehttp 55 281473699410336 "GET /api/users/ HTTP/1.1" 200 312
INFO 2025-11-16 13:36:16,609 views 55 281473699410336 Returned 3 users for bloom filter rebuild
INFO 2025-11-16 13:36:16,626 basehttp 55 281473699410336 "GET /api/users/ HTTP/1.1" 200 312
INFO 2025-11-16 14:36:16,422 views 55 281473699410336 Returned 3 users for bloom filter rebuild
INFO 2025-11-16 14:36:16,425 basehttp 55 281473699410336 "GET /api/users/ HTTP/1.1" 200 312
